// Jest Snapshot v1, https://goo.gl/fbAQLP

exports[`KeyboardButton renders correctly with given props 1`] = `
<View
  accessibilityState={
    {
      "busy": undefined,
      "checked": undefined,
      "disabled": undefined,
      "expanded": undefined,
      "selected": undefined,
    }
  }
  accessibilityValue={
    {
      "max": undefined,
      "min": undefined,
      "now": undefined,
      "text": undefined,
    }
  }
  accessible={true}
  collapsable={false}
  focusable={true}
  onClick={[Function]}
  onResponderGrant={[Function]}
  onResponderMove={[Function]}
  onResponderRelease={[Function]}
  onResponderTerminate={[Function]}
  onResponderTerminationRequest={[Function]}
  onStartShouldSetResponder={[Function]}
  style={
    {
      "opacity": 1,
    }
  }
>
  <Text
    allowFontScaling={false}
    style={
      [
        {
          "color": "#006BFF",
          "padding": 8,
        },
        {
          "color": "#ABCDEF",
          "fontSize": 13,
        },
        {
          "textAlign": "left",
        },
      ]
    }
  >
    buttonText
  </Text>
</View>
`;
